2026-04-30 16:19:32.974 INFO  gearth.app.GEarth - Starting G-Earth 1.5.4-beta-22 from repository G-Realm/G-Earth
2026-04-30 16:19:33.016 INFO  ROOT - Logging level set to INFO
2026-04-30 16:19:34.379 WARN  c.t.k.windows.WindowsProvider - Could not register hotkey: HotKey{shift ctrl 1}
2026-04-30 16:19:34.382 WARN  c.t.k.windows.WindowsProvider - Could not register hotkey: HotKey{shift ctrl 2}
2026-04-30 16:19:35.630 INFO  g.a.s.e.e.i.n.e.NormalExtensionRunner - Running extension C:\Users\Dubbo\habbo games\G-Earth.windows-x64\Extensions\G-Programmer_1.4.0
2026-04-30 16:19:35.869 INFO  gearth.app.misc.JavaLocator - Searching for Java installations on Windows in C:\Program Files\Java
2026-04-30 16:19:35.870 WARN  gearth.app.misc.JavaLocator - No java installation not found in C:\Program Files\Java
2026-04-30 16:19:35.874 WARN  gearth.app.misc.JavaLocator - No valid Java installation found
2026-04-30 16:19:35.874 WARN  g.a.s.e.e.i.n.e.NormalExtensionRunner - No Java 1.8 installation found, cannot run extension jar file C:\Users\Dubbo\habbo games\G-Earth.windows-x64\Extensions\G-Programmer_1.4.0\extension\GProgrammer.jar
2026-04-30 16:19:35.891 INFO  g.a.s.e.e.i.n.e.NormalExtensionRunner - Running extension C:\Users\Dubbo\habbo games\G-Earth.windows-x64\Extensions\G-Trigger_0.2.4
2026-04-30 16:19:35.892 ERROR g.a.s.i.e.tools.StoreExtensionTools - Failed to execute extension
java.nio.file.NoSuchFileException: C:\Users\Dubbo\habbo games\G-Earth.windows-x64\Extensions\G-Trigger_0.2.4\command.txt
	at java.base/sun.nio.fs.WindowsException.translateToIOException(Unknown Source)
	at java.base/sun.nio.fs.WindowsException.rethrowAsIOException(Unknown Source)
	at java.base/sun.nio.fs.WindowsException.rethrowAsIOException(Unknown Source)
	at java.base/sun.nio.fs.WindowsFileSystemProvider.newByteChannel(Unknown Source)
	at java.base/java.nio.file.Files.newByteChannel(Unknown Source)
	at java.base/java.nio.file.Files.newByteChannel(Unknown Source)
	at java.base/java.nio.file.spi.FileSystemProvider.newInputStream(Unknown Source)
	at java.base/java.nio.file.Files.newInputStream(Unknown Source)
	at org.apache.commons.io.FileUtils.lambda$readFileToString$14(FileUtils.java:2771)
	at org.apache.commons.io.IOUtils.toString(IOUtils.java:3204)
	at org.apache.commons.io.IOUtils.toString(IOUtils.java:3179)
	at org.apache.commons.io.FileUtils.readFileToString(FileUtils.java:2771)
	at org.apache.commons.io.FileUtils.readFileToString(FileUtils.java:2787)
	at gearth.app.services.internal_extensions.extensionstore.tools.StoreExtensionTools.executeExtension(StoreExtensionTools.java:47)
	at gearth.app.services.extension_handler.extensions.implementations.network.executer.NormalExtensionRunner.tryRunExtension(NormalExtensionRunner.java:84)
	at gearth.app.services.extension_handler.extensions.implementations.network.executer.NormalExtensionRunner.runAllExtensions(NormalExtensionRunner.java:47)
	at gearth.app.ui.subforms.extensions.ExtensionsController.onParentSet(ExtensionsController.java:75)
	at gearth.app.ui.SubForm.setParentController(SubForm.java:13)
	at gearth.app.ui.GEarthController.trySetController(GEarthController.java:100)
	at gearth.app.ui.GEarthController.setStage(GEarthController.java:92)
	at gearth.app.GEarth.start(GEarth.java:79)
	at javafx.graphics/com.sun.javafx.application.LauncherImpl.lambda$launchApplication1$9(Unknown Source)
	at javafx.graphics/com.sun.javafx.application.PlatformImpl.lambda$runAndWait$12(Unknown Source)
	at javafx.graphics/com.sun.javafx.application.PlatformImpl.lambda$runLater$10(Unknown Source)
	at java.base/java.security.AccessController.doPrivileged(Unknown Source)
	at javafx.graphics/com.sun.javafx.application.PlatformImpl.lambda$runLater$11(Unknown Source)
	at javafx.graphics/com.sun.glass.ui.InvokeLaterDispatcher$Future.run(Unknown Source)
	at javafx.graphics/com.sun.glass.ui.win.WinApplication._runLoop(Native Method)
	at javafx.graphics/com.sun.glass.ui.win.WinApplication.lambda$runLoop$3(Unknown Source)
	at java.base/java.lang.Thread.run(Unknown Source)
2026-04-30 16:19:35.894 INFO  g.a.s.e.e.i.n.e.NormalExtensionRunner - Running extension C:\Users\Dubbo\habbo games\G-Earth.windows-x64\Extensions\main-193856529808.py
2026-04-30 16:19:35.949 INFO  g.a.s.e.e.i.n.e.NormalExtensionRunner - Running extension C:\Users\Dubbo\habbo games\G-Earth.windows-x64\Extensions\main-214337305396.py
2026-04-30 16:30:39.380 INFO  g.a.p.c.p.shockwave.ShockwaveProxy - Intercepting shockwave connection.
2026-04-30 16:30:52.001 INFO  g.a.p.c.p.shockwave.ShockwaveProxy - Shockwave connection has been intercepted, starting proxy thread.
2026-04-30 16:30:52.001 INFO  g.a.p.c.p.shockwave.ShockwaveProxy - Connected to shockwave server 15.197.201.180:40001
2026-04-30 16:30:53.059 INFO  g.a.s.p.p.RemotePacketInfoProvider - Fetching packet info from https://api.sulek.dev/releases/shockwave-windows/297/messages
2026-04-30 16:32:53.432 INFO  g.a.s.e.e.i.n.NetworkExtensionServer - Successfully authenticated client gearth.app.services.extension_handler.extensions.implementations.network.NetworkExtensionClient@10fe3002
2026-04-30 16:43:30.838 INFO  g.a.s.e.e.i.n.NetworkExtensionServer - Successfully authenticated client gearth.app.services.extension_handler.extensions.implementations.network.NetworkExtensionClient@61bf5be6
2026-04-30 16:43:36.875 INFO  g.a.s.e.e.i.n.NetworkExtensionServer - Successfully authenticated client gearth.app.services.extension_handler.extensions.implementations.network.NetworkExtensionClient@5c0ca987
2026-04-30 16:47:41.470 INFO  g.a.s.e.e.i.n.NetworkExtensionServer - Successfully authenticated client gearth.app.services.extension_handler.extensions.implementations.network.NetworkExtensionClient@1d992831
2026-04-30 17:17:43.854 INFO  g.a.s.e.e.i.n.NetworkExtensionServer - Successfully authenticated client gearth.app.services.extension_handler.extensions.implementations.network.NetworkExtensionClient@2f11bcd3
2026-04-30 17:34:27.080 INFO  g.a.s.e.e.i.n.NetworkExtensionServer - Successfully authenticated client gearth.app.services.extension_handler.extensions.implementations.network.NetworkExtensionClient@3c32dced
2026-04-30 18:04:56.884 INFO  g.a.s.e.e.i.n.NetworkExtensionServer - Successfully authenticated client gearth.app.services.extension_handler.extensions.implementations.network.NetworkExtensionClient@25cd9b74
2026-04-30 18:05:24.833 INFO  g.a.s.e.e.i.n.NetworkExtensionServer - Successfully authenticated client gearth.app.services.extension_handler.extensions.implementations.network.NetworkExtensionClient@3cf6d791
2026-04-30 18:11:53.130 INFO  g.a.s.e.e.i.n.NetworkExtensionServer - Successfully authenticated client gearth.app.services.extension_handler.extensions.implementations.network.NetworkExtensionClient@62dbcb91
2026-04-30 18:57:31.834 INFO  g.a.s.e.e.i.n.NetworkExtensionServer - Successfully authenticated client gearth.app.services.extension_handler.extensions.implementations.network.NetworkExtensionClient@11754e01
2026-04-30 19:03:54.136 INFO  g.a.s.e.e.i.n.NetworkExtensionServer - Successfully authenticated client gearth.app.services.extension_handler.extensions.implementations.network.NetworkExtensionClient@6e9abf5c
2026-04-30 19:16:08.359 INFO  g.a.s.e.e.i.n.NetworkExtensionServer - Successfully authenticated client gearth.app.services.extension_handler.extensions.implementations.network.NetworkExtensionClient@1fa3fe76
2026-04-30 19:22:27.482 INFO  g.a.s.e.e.i.n.NetworkExtensionServer - Successfully authenticated client gearth.app.services.extension_handler.extensions.implementations.network.NetworkExtensionClient@78f9238
2026-04-30 19:29:56.894 INFO  g.a.s.e.e.i.n.NetworkExtensionServer - Successfully authenticated client gearth.app.services.extension_handler.extensions.implementations.network.NetworkExtensionClient@500538d9
2026-04-30 19:37:12.072 INFO  g.a.s.e.e.i.n.NetworkExtensionServer - Successfully authenticated client gearth.app.services.extension_handler.extensions.implementations.network.NetworkExtensionClient@548ea2bd
2026-04-30 20:01:28.687 INFO  g.a.s.e.e.i.n.NetworkExtensionServer - Successfully authenticated client gearth.app.services.extension_handler.extensions.implementations.network.NetworkExtensionClient@38f3a4eb
2026-04-30 20:08:46.681 INFO  g.a.s.e.e.i.n.NetworkExtensionServer - Successfully authenticated client gearth.app.services.extension_handler.extensions.implementations.network.NetworkExtensionClient@7327f3c3
2026-04-30 21:01:47.284 INFO  g.a.s.e.e.i.n.NetworkExtensionServer - Successfully authenticated client gearth.app.services.extension_handler.extensions.implementations.network.NetworkExtensionClient@2c53dc78
2026-04-30 21:11:02.547 INFO  g.a.s.e.e.i.n.NetworkExtensionServer - Successfully authenticated client gearth.app.services.extension_handler.extensions.implementations.network.NetworkExtensionClient@4ff4fece
2026-04-30 21:21:26.675 INFO  g.a.s.e.e.i.n.NetworkExtensionServer - Successfully authenticated client gearth.app.services.extension_handler.extensions.implementations.network.NetworkExtensionClient@22708c3d
2026-04-30 21:26:33.819 INFO  g.a.s.e.e.i.n.NetworkExtensionServer - Successfully authenticated client gearth.app.services.extension_handler.extensions.implementations.network.NetworkExtensionClient@55519e58
2026-04-30 21:36:54.808 INFO  g.a.s.e.e.i.n.NetworkExtensionServer - Successfully authenticated client gearth.app.services.extension_handler.extensions.implementations.network.NetworkExtensionClient@3f4e233f
2026-04-30 21:43:50.882 INFO  g.a.s.e.e.i.n.NetworkExtensionServer - Successfully authenticated client gearth.app.services.extension_handler.extensions.implementations.network.NetworkExtensionClient@5eb6650d
2026-04-30 21:49:53.165 INFO  g.a.s.e.e.i.n.NetworkExtensionServer - Successfully authenticated client gearth.app.services.extension_handler.extensions.implementations.network.NetworkExtensionClient@6d1a921a
2026-04-30 21:53:37.074 INFO  g.a.s.e.e.i.n.NetworkExtensionServer - Successfully authenticated client gearth.app.services.extension_handler.extensions.implementations.network.NetworkExtensionClient@85fc561
2026-04-30 21:58:49.378 INFO  g.a.s.e.e.i.n.NetworkExtensionServer - Successfully authenticated client gearth.app.services.extension_handler.extensions.implementations.network.NetworkExtensionClient@6ee6b7d3
2026-04-30 22:11:52.152 INFO  g.a.s.e.e.i.n.NetworkExtensionServer - Successfully authenticated client gearth.app.services.extension_handler.extensions.implementations.network.NetworkExtensionClient@6636d863
2026-04-30 22:12:57.289 INFO  g.a.s.e.e.i.n.NetworkExtensionServer - Successfully authenticated client gearth.app.services.extension_handler.extensions.implementations.network.NetworkExtensionClient@576f7f97
2026-04-30 22:15:44.703 INFO  g.a.s.e.e.i.n.NetworkExtensionServer - Successfully authenticated client gearth.app.services.extension_handler.extensions.implementations.network.NetworkExtensionClient@1e6d8803
2026-04-30 22:22:18.678 INFO  g.a.s.e.e.i.n.NetworkExtensionServer - Successfully authenticated client gearth.app.services.extension_handler.extensions.implementations.network.NetworkExtensionClient@5d90ed5d
2026-04-30 22:36:23.320 INFO  g.a.s.e.e.i.n.NetworkExtensionServer - Successfully authenticated client gearth.app.services.extension_handler.extensions.implementations.network.NetworkExtensionClient@6508e03e
2026-04-30 22:43:09.447 INFO  g.a.s.e.e.i.n.NetworkExtensionServer - Successfully authenticated client gearth.app.services.extension_handler.extensions.implementations.network.NetworkExtensionClient@5f0bd091
2026-04-30 22:47:02.056 INFO  g.a.s.e.e.i.n.NetworkExtensionServer - Successfully authenticated client gearth.app.services.extension_handler.extensions.implementations.network.NetworkExtensionClient@ea6e520
2026-04-30 22:56:12.889 INFO  g.a.s.e.e.i.n.NetworkExtensionServer - Successfully authenticated client gearth.app.services.extension_handler.extensions.implementations.network.NetworkExtensionClient@449226fa
2026-05-01 01:32:30.353 INFO  g.a.p.c.p.shockwave.ShockwaveProxy - Stopped proxy thread.
2026-05-01 07:00:05.937 INFO  g.a.s.e.e.i.n.NetworkExtensionServer - Successfully authenticated client gearth.app.services.extension_handler.extensions.implementations.network.NetworkExtensionClient@7921d32d
2026-05-01 07:00:17.992 ERROR g.a.s.e.e.i.n.NetworkExtensionServer - Channel exception caught (channel=[id: 0x5f6f9430, L:/127.0.0.1:9092 - R:/127.0.0.1:59730]), closing channel
java.net.SocketException: Connection reset
	at java.base/sun.nio.ch.SocketChannelImpl.throwConnectionReset(Unknown Source)
	at java.base/sun.nio.ch.SocketChannelImpl.read(Unknown Source)
	at io.netty.buffer.AdaptivePoolingAllocator$AdaptiveByteBuf.setBytes(AdaptivePoolingAllocator.java:1301)
	at io.netty.buffer.AbstractByteBuf.writeBytes(AbstractByteBuf.java:1132)
	at io.netty.channel.socket.nio.NioSocketChannel.doReadBytes(NioSocketChannel.java:350)
	at io.netty.channel.nio.AbstractNioByteChannel$NioByteUnsafe.read(AbstractNioByteChannel.java:152)
	at io.netty.channel.nio.AbstractNioChannel$AbstractNioUnsafe.handle(AbstractNioChannel.java:445)
	at io.netty.channel.nio.NioIoHandler$DefaultNioRegistration.handle(NioIoHandler.java:383)
	at io.netty.channel.nio.NioIoHandler.processSelectedKey(NioIoHandler.java:577)
	at io.netty.channel.nio.NioIoHandler.processSelectedKeysOptimized(NioIoHandler.java:552)
	at io.netty.channel.nio.NioIoHandler.processSelectedKeys(NioIoHandler.java:493)
	at io.netty.channel.nio.NioIoHandler.run(NioIoHandler.java:470)
	at io.netty.channel.SingleThreadIoEventLoop.runIo(SingleThreadIoEventLoop.java:204)
	at io.netty.channel.SingleThreadIoEventLoop.run(SingleThreadIoEventLoop.java:175)
	at io.netty.util.concurrent.SingleThreadEventExecutor$5.run(SingleThreadEventExecutor.java:1073)
	at io.netty.util.internal.ThreadExecutorMap$2.run(ThreadExecutorMap.java:74)
	at io.netty.util.concurrent.FastThreadLocalRunnable.run(FastThreadLocalRunnable.java:30)
	at java.base/java.lang.Thread.run(Unknown Source)
2026-05-01 07:01:02.003 INFO  g.a.p.c.p.shockwave.ShockwaveProxy - Intercepting shockwave connection.
2026-05-01 07:01:13.055 INFO  g.a.p.c.p.shockwave.ShockwaveProxy - Shockwave connection has been intercepted, starting proxy thread.
2026-05-01 07:01:13.055 INFO  g.a.p.c.p.shockwave.ShockwaveProxy - Connected to shockwave server 15.197.201.180:40001
2026-05-01 07:01:14.250 INFO  g.a.s.p.p.RemotePacketInfoProvider - Fetching packet info from https://api.sulek.dev/releases/shockwave-windows/297/messages
2026-05-01 07:01:54.705 INFO  g.a.s.e.e.i.n.NetworkExtensionServer - Successfully authenticated client gearth.app.services.extension_handler.extensions.implementations.network.NetworkExtensionClient@14cc8e1c
2026-05-01 07:11:37.976 INFO  g.a.s.e.e.i.n.NetworkExtensionServer - Successfully authenticated client gearth.app.services.extension_handler.extensions.implementations.network.NetworkExtensionClient@e72a697
2026-05-01 07:24:50.064 INFO  g.a.s.e.e.i.n.NetworkExtensionServer - Successfully authenticated client gearth.app.services.extension_handler.extensions.implementations.network.NetworkExtensionClient@48036b74
2026-05-01 15:08:16.144 INFO  g.a.s.e.e.i.n.NetworkExtensionServer - Successfully authenticated client gearth.app.services.extension_handler.extensions.implementations.network.NetworkExtensionClient@51e5d172
2026-05-01 15:09:55.823 INFO  g.a.s.e.e.i.n.NetworkExtensionServer - Successfully authenticated client gearth.app.services.extension_handler.extensions.implementations.network.NetworkExtensionClient@19dbb124
2026-05-01 15:14:14.989 INFO  g.a.s.e.e.i.n.NetworkExtensionServer - Successfully authenticated client gearth.app.services.extension_handler.extensions.implementations.network.NetworkExtensionClient@4e89cad5
2026-05-01 15:18:22.095 INFO  g.a.s.e.e.i.n.NetworkExtensionServer - Successfully authenticated client gearth.app.services.extension_handler.extensions.implementations.network.NetworkExtensionClient@34583d04
2026-05-01 15:23:27.584 INFO  g.a.s.e.e.i.n.NetworkExtensionServer - Successfully authenticated client gearth.app.services.extension_handler.extensions.implementations.network.NetworkExtensionClient@1a796053
2026-05-01 15:31:13.761 INFO  g.a.s.e.e.i.n.NetworkExtensionServer - Successfully authenticated client gearth.app.services.extension_handler.extensions.implementations.network.NetworkExtensionClient@3a8e9ca9
2026-05-01 15:45:37.608 INFO  g.a.s.e.e.i.n.NetworkExtensionServer - Successfully authenticated client gearth.app.services.extension_handler.extensions.implementations.network.NetworkExtensionClient@7385bc3d
2026-05-01 15:54:06.170 INFO  g.a.s.e.e.i.n.NetworkExtensionServer - Successfully authenticated client gearth.app.services.extension_handler.extensions.implementations.network.NetworkExtensionClient@2458c905
2026-05-01 15:58:44.947 INFO  g.a.s.e.e.i.n.NetworkExtensionServer - Successfully authenticated client gearth.app.services.extension_handler.extensions.implementations.network.NetworkExtensionClient@47e50ee5
2026-05-01 16:06:31.820 INFO  g.a.s.e.e.i.n.NetworkExtensionServer - Successfully authenticated client gearth.app.services.extension_handler.extensions.implementations.network.NetworkExtensionClient@626db472
2026-05-01 16:10:30.831 INFO  g.a.s.e.e.i.n.NetworkExtensionServer - Successfully authenticated client gearth.app.services.extension_handler.extensions.implementations.network.NetworkExtensionClient@2015f68c
2026-05-01 16:14:02.854 INFO  g.a.s.e.e.i.n.NetworkExtensionServer - Successfully authenticated client gearth.app.services.extension_handler.extensions.implementations.network.NetworkExtensionClient@7e05aa29
2026-05-01 16:21:04.161 INFO  g.a.s.e.e.i.n.NetworkExtensionServer - Successfully authenticated client gearth.app.services.extension_handler.extensions.implementations.network.NetworkExtensionClient@68ab6857
2026-05-01 16:22:21.793 INFO  g.a.s.e.e.i.n.NetworkExtensionServer - Successfully authenticated client gearth.app.services.extension_handler.extensions.implementations.network.NetworkExtensionClient@3e3a1a67
2026-05-01 16:25:08.658 INFO  g.a.s.e.e.i.n.NetworkExtensionServer - Successfully authenticated client gearth.app.services.extension_handler.extensions.implementations.network.NetworkExtensionClient@2cdce163
2026-05-01 16:27:01.974 INFO  g.a.s.e.e.i.n.NetworkExtensionServer - Successfully authenticated client gearth.app.services.extension_handler.extensions.implementations.network.NetworkExtensionClient@1cd63474
2026-05-01 16:32:56.444 INFO  g.a.s.e.e.i.n.NetworkExtensionServer - Successfully authenticated client gearth.app.services.extension_handler.extensions.implementations.network.NetworkExtensionClient@5c927027
2026-05-01 16:38:48.479 INFO  g.a.s.e.e.i.n.NetworkExtensionServer - Successfully authenticated client gearth.app.services.extension_handler.extensions.implementations.network.NetworkExtensionClient@7ba70ce4
2026-05-01 16:41:43.586 INFO  g.a.s.e.e.i.n.NetworkExtensionServer - Successfully authenticated client gearth.app.services.extension_handler.extensions.implementations.network.NetworkExtensionClient@5bd722ea
2026-05-01 16:52:58.976 INFO  g.a.s.e.e.i.n.NetworkExtensionServer - Successfully authenticated client gearth.app.services.extension_handler.extensions.implementations.network.NetworkExtensionClient@2c323524
2026-05-01 16:57:04.423 INFO  g.a.s.e.e.i.n.NetworkExtensionServer - Successfully authenticated client gearth.app.services.extension_handler.extensions.implementations.network.NetworkExtensionClient@431ba58e
2026-05-01 17:06:36.437 INFO  g.a.s.e.e.i.n.NetworkExtensionServer - Successfully authenticated client gearth.app.services.extension_handler.extensions.implementations.network.NetworkExtensionClient@7ba60aad
2026-05-01 17:23:58.456 INFO  g.a.p.c.p.shockwave.ShockwaveProxy - Stopped proxy thread.
