2026-05-03 09:24:25.067 INFO  gearth.app.GEarth - Starting G-Earth 1.5.4-beta-22 from repository G-Realm/G-Earth
2026-05-03 09:24:25.082 INFO  ROOT - Logging level set to INFO
2026-05-03 09:24:25.873 WARN  c.t.k.windows.WindowsProvider - Could not register hotkey: HotKey{shift ctrl 1}
2026-05-03 09:24:25.874 WARN  c.t.k.windows.WindowsProvider - Could not register hotkey: HotKey{shift ctrl 2}
2026-05-03 09:24:26.563 INFO  g.a.s.e.e.i.n.e.NormalExtensionRunner - Running extension C:\Users\Dubbo\habbodealer\habbodealer\G-Earth.windows-x64\Extensions\G-Programmer_1.4.0
2026-05-03 09:24:26.711 INFO  gearth.app.misc.JavaLocator - Searching for Java installations on Windows in C:\Program Files\Java
2026-05-03 09:24:26.711 WARN  gearth.app.misc.JavaLocator - No java installation not found in C:\Program Files\Java
2026-05-03 09:24:26.714 WARN  gearth.app.misc.JavaLocator - No valid Java installation found
2026-05-03 09:24:26.714 WARN  g.a.s.e.e.i.n.e.NormalExtensionRunner - No Java 1.8 installation found, cannot run extension jar file C:\Users\Dubbo\habbodealer\habbodealer\G-Earth.windows-x64\Extensions\G-Programmer_1.4.0\extension\GProgrammer.jar
2026-05-03 09:24:26.726 INFO  g.a.s.e.e.i.n.e.NormalExtensionRunner - Running extension C:\Users\Dubbo\habbodealer\habbodealer\G-Earth.windows-x64\Extensions\G-Trigger_0.2.4
2026-05-03 09:24:26.727 ERROR g.a.s.i.e.tools.StoreExtensionTools - Failed to execute extension
java.nio.file.NoSuchFileException: C:\Users\Dubbo\habbodealer\habbodealer\G-Earth.windows-x64\Extensions\G-Trigger_0.2.4\command.txt
	at java.base/sun.nio.fs.WindowsException.translateToIOException(Unknown Source)
	at java.base/sun.nio.fs.WindowsException.rethrowAsIOException(Unknown Source)
	at java.base/sun.nio.fs.WindowsException.rethrowAsIOException(Unknown Source)
	at java.base/sun.nio.fs.WindowsFileSystemProvider.newByteChannel(Unknown Source)
	at java.base/java.nio.file.Files.newByteChannel(Unknown Source)
	at java.base/java.nio.file.Files.newByteChannel(Unknown Source)
	at java.base/java.nio.file.spi.FileSystemProvider.newInputStream(Unknown Source)
	at java.base/java.nio.file.Files.newInputStream(Unknown Source)
	at org.apache.commons.io.FileUtils.lambda$readFileToString$14(FileUtils.java:2771)
	at org.apache.commons.io.IOUtils.toString(IOUtils.java:3204)
	at org.apache.commons.io.IOUtils.toString(IOUtils.java:3179)
	at org.apache.commons.io.FileUtils.readFileToString(FileUtils.java:2771)
	at org.apache.commons.io.FileUtils.readFileToString(FileUtils.java:2787)
	at gearth.app.services.internal_extensions.extensionstore.tools.StoreExtensionTools.executeExtension(StoreExtensionTools.java:47)
	at gearth.app.services.extension_handler.extensions.implementations.network.executer.NormalExtensionRunner.tryRunExtension(NormalExtensionRunner.java:84)
	at gearth.app.services.extension_handler.extensions.implementations.network.executer.NormalExtensionRunner.runAllExtensions(NormalExtensionRunner.java:47)
	at gearth.app.ui.subforms.extensions.ExtensionsController.onParentSet(ExtensionsController.java:75)
	at gearth.app.ui.SubForm.setParentController(SubForm.java:13)
	at gearth.app.ui.GEarthController.trySetController(GEarthController.java:100)
	at gearth.app.ui.GEarthController.setStage(GEarthController.java:92)
	at gearth.app.GEarth.start(GEarth.java:79)
	at javafx.graphics/com.sun.javafx.application.LauncherImpl.lambda$launchApplication1$9(Unknown Source)
	at javafx.graphics/com.sun.javafx.application.PlatformImpl.lambda$runAndWait$12(Unknown Source)
	at javafx.graphics/com.sun.javafx.application.PlatformImpl.lambda$runLater$10(Unknown Source)
	at java.base/java.security.AccessController.doPrivileged(Unknown Source)
	at javafx.graphics/com.sun.javafx.application.PlatformImpl.lambda$runLater$11(Unknown Source)
	at javafx.graphics/com.sun.glass.ui.InvokeLaterDispatcher$Future.run(Unknown Source)
	at javafx.graphics/com.sun.glass.ui.win.WinApplication._runLoop(Native Method)
	at javafx.graphics/com.sun.glass.ui.win.WinApplication.lambda$runLoop$3(Unknown Source)
	at java.base/java.lang.Thread.run(Unknown Source)
2026-05-03 09:24:26.729 INFO  g.a.s.e.e.i.n.e.NormalExtensionRunner - Running extension C:\Users\Dubbo\habbodealer\habbodealer\G-Earth.windows-x64\Extensions\main-193856529808.py
2026-05-03 09:24:26.748 INFO  g.a.s.e.e.i.n.e.NormalExtensionRunner - Running extension C:\Users\Dubbo\habbodealer\habbodealer\G-Earth.windows-x64\Extensions\main-214337305396.py
2026-05-03 09:24:30.536 INFO  g.a.p.c.p.shockwave.ShockwaveProxy - Intercepting shockwave connection.
2026-05-03 09:24:40.705 INFO  g.a.p.c.p.shockwave.ShockwaveProxy - Shockwave connection has been intercepted, starting proxy thread.
2026-05-03 09:24:40.705 INFO  g.a.p.c.p.shockwave.ShockwaveProxy - Connected to shockwave server 35.71.185.64:40001
2026-05-03 09:24:41.899 INFO  g.a.s.p.p.RemotePacketInfoProvider - Fetching packet info from https://api.sulek.dev/releases/shockwave-windows/297/messages
2026-05-03 09:25:07.750 INFO  g.a.s.e.e.i.n.NetworkExtensionServer - Successfully authenticated client gearth.app.services.extension_handler.extensions.implementations.network.NetworkExtensionClient@76e1c533
2026-05-03 09:30:00.047 INFO  g.a.s.e.e.i.n.NetworkExtensionServer - Successfully authenticated client gearth.app.services.extension_handler.extensions.implementations.network.NetworkExtensionClient@59bfd4df
2026-05-03 09:31:30.608 INFO  g.a.s.e.e.i.n.NetworkExtensionServer - Successfully authenticated client gearth.app.services.extension_handler.extensions.implementations.network.NetworkExtensionClient@35c90c78
2026-05-03 09:32:58.361 INFO  g.a.s.e.e.i.n.NetworkExtensionServer - Successfully authenticated client gearth.app.services.extension_handler.extensions.implementations.network.NetworkExtensionClient@3eb8dffd
2026-05-03 09:33:35.739 INFO  g.a.s.e.e.i.n.NetworkExtensionServer - Successfully authenticated client gearth.app.services.extension_handler.extensions.implementations.network.NetworkExtensionClient@109392c0
2026-05-03 09:35:01.375 INFO  g.a.s.e.e.i.n.NetworkExtensionServer - Successfully authenticated client gearth.app.services.extension_handler.extensions.implementations.network.NetworkExtensionClient@6df2dd95
2026-05-03 09:42:02.312 INFO  g.a.s.e.e.i.n.NetworkExtensionServer - Successfully authenticated client gearth.app.services.extension_handler.extensions.implementations.network.NetworkExtensionClient@241fefee
2026-05-03 09:47:45.383 INFO  g.a.s.e.e.i.n.NetworkExtensionServer - Successfully authenticated client gearth.app.services.extension_handler.extensions.implementations.network.NetworkExtensionClient@77c3bb85
2026-05-03 09:51:20.308 INFO  g.a.s.e.e.i.n.NetworkExtensionServer - Successfully authenticated client gearth.app.services.extension_handler.extensions.implementations.network.NetworkExtensionClient@7db86655
2026-05-03 09:55:17.095 INFO  g.a.s.e.e.i.n.NetworkExtensionServer - Successfully authenticated client gearth.app.services.extension_handler.extensions.implementations.network.NetworkExtensionClient@795427df
2026-05-03 13:33:42.346 ERROR g.a.s.e.e.i.n.NetworkExtensionServer - Channel exception caught (channel=[id: 0xad3e83e8, L:/127.0.0.1:9092 - R:/127.0.0.1:60661]), closing channel
java.net.SocketException: Connection reset
	at java.base/sun.nio.ch.SocketChannelImpl.throwConnectionReset(Unknown Source)
	at java.base/sun.nio.ch.SocketChannelImpl.read(Unknown Source)
	at io.netty.buffer.AdaptivePoolingAllocator$AdaptiveByteBuf.setBytes(AdaptivePoolingAllocator.java:1301)
	at io.netty.buffer.AbstractByteBuf.writeBytes(AbstractByteBuf.java:1132)
	at io.netty.channel.socket.nio.NioSocketChannel.doReadBytes(NioSocketChannel.java:350)
	at io.netty.channel.nio.AbstractNioByteChannel$NioByteUnsafe.read(AbstractNioByteChannel.java:152)
	at io.netty.channel.nio.AbstractNioChannel$AbstractNioUnsafe.handle(AbstractNioChannel.java:445)
	at io.netty.channel.nio.NioIoHandler$DefaultNioRegistration.handle(NioIoHandler.java:383)
	at io.netty.channel.nio.NioIoHandler.processSelectedKey(NioIoHandler.java:577)
	at io.netty.channel.nio.NioIoHandler.processSelectedKeysOptimized(NioIoHandler.java:552)
	at io.netty.channel.nio.NioIoHandler.processSelectedKeys(NioIoHandler.java:493)
	at io.netty.channel.nio.NioIoHandler.run(NioIoHandler.java:470)
	at io.netty.channel.SingleThreadIoEventLoop.runIo(SingleThreadIoEventLoop.java:204)
	at io.netty.channel.SingleThreadIoEventLoop.run(SingleThreadIoEventLoop.java:175)
	at io.netty.util.concurrent.SingleThreadEventExecutor$5.run(SingleThreadEventExecutor.java:1073)
	at io.netty.util.internal.ThreadExecutorMap$2.run(ThreadExecutorMap.java:74)
	at io.netty.util.concurrent.FastThreadLocalRunnable.run(FastThreadLocalRunnable.java:30)
	at java.base/java.lang.Thread.run(Unknown Source)
2026-05-03 13:37:17.259 INFO  g.a.s.e.e.i.n.NetworkExtensionServer - Successfully authenticated client gearth.app.services.extension_handler.extensions.implementations.network.NetworkExtensionClient@4f73ca4e
2026-05-03 13:40:08.190 ERROR g.a.s.e.e.i.n.NetworkExtensionServer - Channel exception caught (channel=[id: 0xafef895b, L:/127.0.0.1:9092 - R:/127.0.0.1:62027]), closing channel
java.net.SocketException: Connection reset
	at java.base/sun.nio.ch.SocketChannelImpl.throwConnectionReset(Unknown Source)
	at java.base/sun.nio.ch.SocketChannelImpl.read(Unknown Source)
	at io.netty.buffer.AdaptivePoolingAllocator$AdaptiveByteBuf.setBytes(AdaptivePoolingAllocator.java:1301)
	at io.netty.buffer.AbstractByteBuf.writeBytes(AbstractByteBuf.java:1132)
	at io.netty.channel.socket.nio.NioSocketChannel.doReadBytes(NioSocketChannel.java:350)
	at io.netty.channel.nio.AbstractNioByteChannel$NioByteUnsafe.read(AbstractNioByteChannel.java:152)
	at io.netty.channel.nio.AbstractNioChannel$AbstractNioUnsafe.handle(AbstractNioChannel.java:445)
	at io.netty.channel.nio.NioIoHandler$DefaultNioRegistration.handle(NioIoHandler.java:383)
	at io.netty.channel.nio.NioIoHandler.processSelectedKey(NioIoHandler.java:577)
	at io.netty.channel.nio.NioIoHandler.processSelectedKeysOptimized(NioIoHandler.java:552)
	at io.netty.channel.nio.NioIoHandler.processSelectedKeys(NioIoHandler.java:493)
	at io.netty.channel.nio.NioIoHandler.run(NioIoHandler.java:470)
	at io.netty.channel.SingleThreadIoEventLoop.runIo(SingleThreadIoEventLoop.java:204)
	at io.netty.channel.SingleThreadIoEventLoop.run(SingleThreadIoEventLoop.java:175)
	at io.netty.util.concurrent.SingleThreadEventExecutor$5.run(SingleThreadEventExecutor.java:1073)
	at io.netty.util.internal.ThreadExecutorMap$2.run(ThreadExecutorMap.java:74)
	at io.netty.util.concurrent.FastThreadLocalRunnable.run(FastThreadLocalRunnable.java:30)
	at java.base/java.lang.Thread.run(Unknown Source)
2026-05-03 13:40:16.266 INFO  g.a.s.e.e.i.n.NetworkExtensionServer - Successfully authenticated client gearth.app.services.extension_handler.extensions.implementations.network.NetworkExtensionClient@26e44864
2026-05-03 13:56:03.578 INFO  g.a.s.e.e.i.n.NetworkExtensionServer - Successfully authenticated client gearth.app.services.extension_handler.extensions.implementations.network.NetworkExtensionClient@7fac45f5
2026-05-03 14:02:17.624 ERROR g.a.s.e.e.i.n.NetworkExtensionServer - Channel exception caught (channel=[id: 0xbfcdfbd8, L:/127.0.0.1:9092 - R:/127.0.0.1:62154]), closing channel
java.net.SocketException: Connection reset
	at java.base/sun.nio.ch.SocketChannelImpl.throwConnectionReset(Unknown Source)
	at java.base/sun.nio.ch.SocketChannelImpl.read(Unknown Source)
	at io.netty.buffer.AdaptivePoolingAllocator$AdaptiveByteBuf.setBytes(AdaptivePoolingAllocator.java:1301)
	at io.netty.buffer.AbstractByteBuf.writeBytes(AbstractByteBuf.java:1132)
	at io.netty.channel.socket.nio.NioSocketChannel.doReadBytes(NioSocketChannel.java:350)
	at io.netty.channel.nio.AbstractNioByteChannel$NioByteUnsafe.read(AbstractNioByteChannel.java:152)
	at io.netty.channel.nio.AbstractNioChannel$AbstractNioUnsafe.handle(AbstractNioChannel.java:445)
	at io.netty.channel.nio.NioIoHandler$DefaultNioRegistration.handle(NioIoHandler.java:383)
	at io.netty.channel.nio.NioIoHandler.processSelectedKey(NioIoHandler.java:577)
	at io.netty.channel.nio.NioIoHandler.processSelectedKeysOptimized(NioIoHandler.java:552)
	at io.netty.channel.nio.NioIoHandler.processSelectedKeys(NioIoHandler.java:493)
	at io.netty.channel.nio.NioIoHandler.run(NioIoHandler.java:470)
	at io.netty.channel.SingleThreadIoEventLoop.runIo(SingleThreadIoEventLoop.java:204)
	at io.netty.channel.SingleThreadIoEventLoop.run(SingleThreadIoEventLoop.java:175)
	at io.netty.util.concurrent.SingleThreadEventExecutor$5.run(SingleThreadEventExecutor.java:1073)
	at io.netty.util.internal.ThreadExecutorMap$2.run(ThreadExecutorMap.java:74)
	at io.netty.util.concurrent.FastThreadLocalRunnable.run(FastThreadLocalRunnable.java:30)
	at java.base/java.lang.Thread.run(Unknown Source)
2026-05-03 14:02:27.189 INFO  g.a.s.e.e.i.n.NetworkExtensionServer - Successfully authenticated client gearth.app.services.extension_handler.extensions.implementations.network.NetworkExtensionClient@4414bfee
2026-05-03 14:05:05.823 INFO  g.a.s.e.e.i.n.NetworkExtensionServer - Successfully authenticated client gearth.app.services.extension_handler.extensions.implementations.network.NetworkExtensionClient@34860881
2026-05-03 14:06:11.651 ERROR g.a.s.e.e.i.n.NetworkExtensionServer - Channel exception caught (channel=[id: 0x8ea85863, L:/127.0.0.1:9092 - R:/127.0.0.1:62247]), closing channel
java.net.SocketException: Connection reset
	at java.base/sun.nio.ch.SocketChannelImpl.throwConnectionReset(Unknown Source)
	at java.base/sun.nio.ch.SocketChannelImpl.read(Unknown Source)
	at io.netty.buffer.AdaptivePoolingAllocator$AdaptiveByteBuf.setBytes(AdaptivePoolingAllocator.java:1301)
	at io.netty.buffer.AbstractByteBuf.writeBytes(AbstractByteBuf.java:1132)
	at io.netty.channel.socket.nio.NioSocketChannel.doReadBytes(NioSocketChannel.java:350)
	at io.netty.channel.nio.AbstractNioByteChannel$NioByteUnsafe.read(AbstractNioByteChannel.java:152)
	at io.netty.channel.nio.AbstractNioChannel$AbstractNioUnsafe.handle(AbstractNioChannel.java:445)
	at io.netty.channel.nio.NioIoHandler$DefaultNioRegistration.handle(NioIoHandler.java:383)
	at io.netty.channel.nio.NioIoHandler.processSelectedKey(NioIoHandler.java:577)
	at io.netty.channel.nio.NioIoHandler.processSelectedKeysOptimized(NioIoHandler.java:552)
	at io.netty.channel.nio.NioIoHandler.processSelectedKeys(NioIoHandler.java:493)
	at io.netty.channel.nio.NioIoHandler.run(NioIoHandler.java:470)
	at io.netty.channel.SingleThreadIoEventLoop.runIo(SingleThreadIoEventLoop.java:204)
	at io.netty.channel.SingleThreadIoEventLoop.run(SingleThreadIoEventLoop.java:175)
	at io.netty.util.concurrent.SingleThreadEventExecutor$5.run(SingleThreadEventExecutor.java:1073)
	at io.netty.util.internal.ThreadExecutorMap$2.run(ThreadExecutorMap.java:74)
	at io.netty.util.concurrent.FastThreadLocalRunnable.run(FastThreadLocalRunnable.java:30)
	at java.base/java.lang.Thread.run(Unknown Source)
2026-05-03 14:06:18.652 INFO  g.a.s.e.e.i.n.NetworkExtensionServer - Successfully authenticated client gearth.app.services.extension_handler.extensions.implementations.network.NetworkExtensionClient@d4f2b47
2026-05-03 14:08:29.051 INFO  g.a.s.e.e.i.n.NetworkExtensionServer - Successfully authenticated client gearth.app.services.extension_handler.extensions.implementations.network.NetworkExtensionClient@32d9f315
2026-05-03 14:08:30.411 INFO  g.a.s.e.e.i.n.e.NormalExtensionRunner - Running extension C:\Users\Dubbo\habbodealer\habbodealer\G-Earth.windows-x64\Extensions\Trade Tracker_2.0
2026-05-03 14:08:30.450 INFO  g.a.s.e.e.i.n.NetworkExtensionServer - Successfully authenticated client gearth.app.services.extension_handler.extensions.implementations.network.NetworkExtensionClient@2ad954b1
2026-05-03 14:10:11.542 INFO  g.a.s.e.e.i.n.NetworkExtensionServer - Successfully authenticated client gearth.app.services.extension_handler.extensions.implementations.network.NetworkExtensionClient@537ad7f5
2026-05-03 14:14:51.616 INFO  g.a.s.e.e.i.n.NetworkExtensionServer - Successfully authenticated client gearth.app.services.extension_handler.extensions.implementations.network.NetworkExtensionClient@7dc7030b
2026-05-03 14:20:51.691 WARN  g.a.p.c.p.shockwave.ShockwaveProxy - Aborting shockwave proxy.
